// Jest Snapshot v1, https://goo.gl/fbAQLP

exports[`HashTestCases should print correct hash for package-path-change-0 1`] = `
[
<<<<<<< HEAD
  "runtime.36f773380322b3ba.js",
=======
  "runtime.37045df7c8a44ea.js",
>>>>>>> d86865c79 (fix: add entry startup to fix async script chunk loading)
  "main.8ba66a6d562c9f41.js",
  "0.a419356ce1e112c6.js",
]
`;

exports[`HashTestCases should print correct hash for package-path-change-1 1`] = `
[
<<<<<<< HEAD
  "runtime.fa0be6df1472e68e.js",
=======
  "runtime.673c5bc6e6f8b96.js",
>>>>>>> d86865c79 (fix: add entry startup to fix async script chunk loading)
  "main.b11af1dbcee032b1.js",
  "0.b681063969d05f1f.js",
]
`;
