<!DOCTYPE html>
<html>
<head>
  <meta charset="UTF-8" />
  <title>Rspack App</title>
<script src="/runtime.js" crossorigin="anonymous" integrity="sha512-tRUKN19BjRJs798D05Ivd2Tyfqfxp1dMUhPzfdoh5OuMQAOQz8SdctVs+M215fz3rLMwH9alG5x04EoSVBloeA=="></script><script src="/index.js" crossorigin="anonymous" integrity="sha512-rNIhhygsXYy5WFggyapEFvcwZpMaZjgK2pxGloogKSrcptB4oZnGckX0NOE8QqTtYecYYXQBtr/SAqQ3myFEwA=="></script><link href="/index.css" rel="stylesheet" crossorigin="anonymous" integrity="sha512-Z8PU3Ii4d2SPUxyN8IIBT+qeVhwEyS0gDBnVwfr1XrN7r20CMILhZ1GhnoENqrJIUHI9/6UVEdorpIqMuDavdQ==" /></head>

<body>



</body></html>